1766981728: mosquitto version 2.0.22 starting
1766981728: Config loaded from /mosquitto/config/mosquitto.conf.
1766981728: Opening ipv4 listen socket on port 1883.
1766981728: Opening ipv6 listen socket on port 1883.
1766981728: Opening websockets listen socket on port 9001.
1766981728: mosquitto version 2.0.22 running
1766983528: Saving in-memory database to /mosquitto/data//mosquitto.db.
1766983614: New connection from 172.23.0.1:51704 on port 1883.
1766983614: New client connected from 172.23.0.1:51704 as FloodGuard_Simulator_d585710a (p2, c1, k60).
1766983758: Client FloodGuard_Simulator_d585710a closed its connection.
1766984001: New connection from 172.23.0.1:58630 on port 1883.
1766984001: New client connected from 172.23.0.1:58630 as mqtt-explorer-b7063bae (p2, c1, k60).
1766984229: New connection from 172.23.0.1:34528 on port 1883.
1766984229: New client connected from 172.23.0.1:34528 as FloodGuard_Simulator_cfe7b19b (p2, c1, k60).
1766984291: Client FloodGuard_Simulator_cfe7b19b closed its connection.
1766985329: Saving in-memory database to /mosquitto/data//mosquitto.db.
1766987130: Saving in-memory database to /mosquitto/data//mosquitto.db.
1766988931: Saving in-memory database to /mosquitto/data//mosquitto.db.
1766990732: Saving in-memory database to /mosquitto/data//mosquitto.db.
1766992533: Saving in-memory database to /mosquitto/data//mosquitto.db.
1766994333: Saving in-memory database to /mosquitto/data//mosquitto.db.
1766996134: Saving in-memory database to /mosquitto/data//mosquitto.db.
1766997935: Saving in-memory database to /mosquitto/data//mosquitto.db.
1766999736: Saving in-memory database to /mosquitto/data//mosquitto.db.
1767000022: Client mqtt-explorer-b7063bae disconnected.
1767000042: New connection from 172.23.0.1:55360 on port 1883.
1767000042: New client connected from 172.23.0.1:55360 as mqtt-explorer-b7063bae (p2, c1, k60).
1767000054: Client mqtt-explorer-b7063bae disconnected.
1767000060: New connection from 172.23.0.1:56970 on port 1883.
1767000060: New client connected from 172.23.0.1:56970 as mqtt-explorer-b7063bae (p2, c1, k60).
1767000063: Client mqtt-explorer-b7063bae disconnected.
1767000066: New connection from 172.23.0.1:56974 on port 1883.
1767000066: New client connected from 172.23.0.1:56974 as mqtt-explorer-b7063bae (p2, c1, k60).
1767000398: Client mqtt-explorer-b7063bae disconnected.
1767001537: Saving in-memory database to /mosquitto/data//mosquitto.db.
1767003338: Saving in-memory database to /mosquitto/data//mosquitto.db.
1767005139: Saving in-memory database to /mosquitto/data//mosquitto.db.
1767010360: mosquitto version 2.0.22 starting
1767010360: Config loaded from /mosquitto/config/mosquitto.conf.
1767010360: Opening ipv4 listen socket on port 1883.
1767010360: Opening ipv6 listen socket on port 1883.
1767010360: Opening websockets listen socket on port 9001.
1767010360: mosquitto version 2.0.22 running
1767012161: Saving in-memory database to /mosquitto/data//mosquitto.db.
1767013962: Saving in-memory database to /mosquitto/data//mosquitto.db.
1767015763: Saving in-memory database to /mosquitto/data//mosquitto.db.
1767017563: Saving in-memory database to /mosquitto/data//mosquitto.db.
1767019364: Saving in-memory database to /mosquitto/data//mosquitto.db.
1767021165: Saving in-memory database to /mosquitto/data//mosquitto.db.
1767022966: Saving in-memory database to /mosquitto/data//mosquitto.db.
1767024767: Saving in-memory database to /mosquitto/data//mosquitto.db.
1767026568: Saving in-memory database to /mosquitto/data//mosquitto.db.
1767058538: mosquitto version 2.0.22 starting
1767058538: Config loaded from /mosquitto/config/mosquitto.conf.
1767058538: Opening ipv4 listen socket on port 1883.
1767058538: Opening ipv6 listen socket on port 1883.
1767058538: Opening websockets listen socket on port 9001.
1767058538: mosquitto version 2.0.22 running
1767060338: Saving in-memory database to /mosquitto/data//mosquitto.db.
1767062139: Saving in-memory database to /mosquitto/data//mosquitto.db.
1767063940: Saving in-memory database to /mosquitto/data//mosquitto.db.
1767065741: Saving in-memory database to /mosquitto/data//mosquitto.db.
1767067542: Saving in-memory database to /mosquitto/data//mosquitto.db.
1767069343: Saving in-memory database to /mosquitto/data//mosquitto.db.
1767071143: Saving in-memory database to /mosquitto/data//mosquitto.db.
1767072944: Saving in-memory database to /mosquitto/data//mosquitto.db.
1767074745: Saving in-memory database to /mosquitto/data//mosquitto.db.
1767076546: Saving in-memory database to /mosquitto/data//mosquitto.db.
1767078347: Saving in-memory database to /mosquitto/data//mosquitto.db.
1767080148: Saving in-memory database to /mosquitto/data//mosquitto.db.
1767081949: Saving in-memory database to /mosquitto/data//mosquitto.db.
1767108156: mosquitto version 2.0.22 starting
1767108156: Config loaded from /mosquitto/config/mosquitto.conf.
1767108156: Opening ipv4 listen socket on port 1883.
1767108156: Opening ipv6 listen socket on port 1883.
1767108156: Opening websockets listen socket on port 9001.
1767108156: mosquitto version 2.0.22 running
1767109956: Saving in-memory database to /mosquitto/data//mosquitto.db.
1767111757: Saving in-memory database to /mosquitto/data//mosquitto.db.
1767113558: Saving in-memory database to /mosquitto/data//mosquitto.db.
1767115359: Saving in-memory database to /mosquitto/data//mosquitto.db.
1767144690: mosquitto version 2.0.22 starting
1767144690: Config loaded from /mosquitto/config/mosquitto.conf.
1767144690: Opening ipv4 listen socket on port 1883.
1767144690: Opening ipv6 listen socket on port 1883.
1767144690: Opening websockets listen socket on port 9001.
1767144690: mosquitto version 2.0.22 running
1767146491: Saving in-memory database to /mosquitto/data//mosquitto.db.
1767148292: Saving in-memory database to /mosquitto/data//mosquitto.db.
1767150092: Saving in-memory database to /mosquitto/data//mosquitto.db.
1767151893: Saving in-memory database to /mosquitto/data//mosquitto.db.
1767153694: Saving in-memory database to /mosquitto/data//mosquitto.db.
1767155495: Saving in-memory database to /mosquitto/data//mosquitto.db.
1767157296: Saving in-memory database to /mosquitto/data//mosquitto.db.
1767159097: Saving in-memory database to /mosquitto/data//mosquitto.db.
1767160898: Saving in-memory database to /mosquitto/data//mosquitto.db.
1767162699: Saving in-memory database to /mosquitto/data//mosquitto.db.
1767164499: Saving in-memory database to /mosquitto/data//mosquitto.db.
1767166300: Saving in-memory database to /mosquitto/data//mosquitto.db.
1767166678: mosquitto version 2.0.22 terminating
1767166678: Saving in-memory database to /mosquitto/data//mosquitto.db.
1767166724: mosquitto version 2.0.22 starting
1767166724: Config loaded from /mosquitto/config/mosquitto.conf.
1767166724: Opening ipv4 listen socket on port 1883.
1767166724: Opening ipv6 listen socket on port 1883.
1767166724: Opening websockets listen socket on port 9001.
1767166724: mosquitto version 2.0.22 running
1767166832: mosquitto version 2.0.22 terminating
1767166832: Saving in-memory database to /mosquitto/data//mosquitto.db.
1767166871: mosquitto version 2.0.22 starting
1767166871: Config loaded from /mosquitto/config/mosquitto.conf.
1767166871: Opening ipv4 listen socket on port 1883.
1767166871: Opening ipv6 listen socket on port 1883.
1767166871: Opening websockets listen socket on port 9001.
1767166871: mosquitto version 2.0.22 running
1767166966: mosquitto version 2.0.22 terminating
1767166966: Saving in-memory database to /mosquitto/data//mosquitto.db.
1767167212: mosquitto version 2.0.22 starting
1767167212: Config loaded from /mosquitto/config/mosquitto.conf.
1767167212: Opening ipv4 listen socket on port 1883.
1767167212: Opening ipv6 listen socket on port 1883.
1767167212: Opening websockets listen socket on port 9001.
1767167212: mosquitto version 2.0.22 running
1767167324: mosquitto version 2.0.22 terminating
1767167324: Saving in-memory database to /mosquitto/data//mosquitto.db.
1767167341: mosquitto version 2.0.22 starting
1767167341: Config loaded from /mosquitto/config/mosquitto.conf.
1767167341: Opening ipv4 listen socket on port 1883.
1767167341: Opening ipv6 listen socket on port 1883.
1767167341: Opening websockets listen socket on port 9001.
1767167341: mosquitto version 2.0.22 running
1767169142: Saving in-memory database to /mosquitto/data//mosquitto.db.
1767170943: Saving in-memory database to /mosquitto/data//mosquitto.db.
1767172744: Saving in-memory database to /mosquitto/data//mosquitto.db.
1767174545: Saving in-memory database to /mosquitto/data//mosquitto.db.
1767176346: Saving in-memory database to /mosquitto/data//mosquitto.db.
1767177512: New connection from 172.23.0.1:57148 on port 1883.
1767177512: New client connected from 172.23.0.1:57148 as ingention-service-98293191-2c66-43cc-ac8a-a88c4071ad36 (p2, c1, k60).
1767177553: New connection from 172.23.0.1:45000 on port 1883.
1767177553: New client connected from 172.23.0.1:45000 as FloodGuard_Simulator_445c412a (p2, c1, k60).
1767177602: Client FloodGuard_Simulator_445c412a closed its connection.
1767177625: New connection from 172.23.0.1:37914 on port 1883.
1767177625: New client connected from 172.23.0.1:37914 as mqtt-explorer-b7063bae (p2, c1, k60).
1767177634: New connection from 172.23.0.1:46754 on port 1883.
1767177634: New client connected from 172.23.0.1:46754 as FloodGuard_Simulator_33e3bc06 (p2, c1, k60).
1767177679: Client FloodGuard_Simulator_33e3bc06 closed its connection.
1767177711: Client ingention-service-98293191-2c66-43cc-ac8a-a88c4071ad36 disconnected.
1767177712: New connection from 172.23.0.1:49938 on port 1883.
1767177712: New client connected from 172.23.0.1:49938 as ingention-service-361ff1b6-d365-4936-98b9-593a5cd01db8 (p2, c1, k60).
1767177714: Client mqtt-explorer-b7063bae disconnected.
1767177776: New connection from 172.23.0.1:34580 on port 1883.
1767177776: New client connected from 172.23.0.1:34580 as FloodGuard_Simulator_32fc0336 (p2, c1, k60).
1767177791: Client ingention-service-361ff1b6-d365-4936-98b9-593a5cd01db8 disconnected.
1767177795: Client FloodGuard_Simulator_32fc0336 closed its connection.
1767177898: New connection from 172.23.0.1:35282 on port 1883.
1767177899: New client connected from 172.23.0.1:35282 as ingention-service-2521764e-319c-4839-8a0e-493d1f585cab (p2, c1, k60).
1767177934: New connection from 172.23.0.1:35740 on port 1883.
1767177934: New client connected from 172.23.0.1:35740 as FloodGuard_Simulator_a14dc263 (p2, c1, k60).
1767177966: Client ingention-service-2521764e-319c-4839-8a0e-493d1f585cab disconnected.
1767178146: Saving in-memory database to /mosquitto/data//mosquitto.db.
1767178193: Client FloodGuard_Simulator_a14dc263 closed its connection.
1767178233: New connection from 172.23.0.1:49652 on port 1883.
1767178233: New client connected from 172.23.0.1:49652 as mqtt-explorer-b7063bae (p2, c1, k60).
1767178236: Client mqtt-explorer-b7063bae disconnected.
1767237879: mosquitto version 2.0.22 starting
1767237879: Config loaded from /mosquitto/config/mosquitto.conf.
1767237879: Opening ipv4 listen socket on port 1883.
1767237879: Opening ipv6 listen socket on port 1883.
1767237879: Opening websockets listen socket on port 9001.
1767237879: mosquitto version 2.0.22 running
1767239679: Saving in-memory database to /mosquitto/data//mosquitto.db.
1767241480: Saving in-memory database to /mosquitto/data//mosquitto.db.
1767243281: Saving in-memory database to /mosquitto/data//mosquitto.db.
1767340356: mosquitto version 2.0.22 starting
1767340356: Config loaded from /mosquitto/config/mosquitto.conf.
1767340356: Opening ipv4 listen socket on port 1883.
1767340356: Opening ipv6 listen socket on port 1883.
1767340356: Opening websockets listen socket on port 9001.
1767340356: mosquitto version 2.0.22 running
1767342157: Saving in-memory database to /mosquitto/data//mosquitto.db.
1767343958: Saving in-memory database to /mosquitto/data//mosquitto.db.
1767345759: Saving in-memory database to /mosquitto/data//mosquitto.db.
1767347560: Saving in-memory database to /mosquitto/data//mosquitto.db.
1767349361: Saving in-memory database to /mosquitto/data//mosquitto.db.
1767351162: Saving in-memory database to /mosquitto/data//mosquitto.db.
1767352962: Saving in-memory database to /mosquitto/data//mosquitto.db.
1767354763: Saving in-memory database to /mosquitto/data//mosquitto.db.
1767356564: Saving in-memory database to /mosquitto/data//mosquitto.db.
1767357917: mosquitto version 2.0.22 starting
1767357917: Config loaded from /mosquitto/config/mosquitto.conf.
1767357917: Opening ipv4 listen socket on port 1883.
1767357917: Opening ipv6 listen socket on port 1883.
1767357917: Opening websockets listen socket on port 9001.
1767357917: mosquitto version 2.0.22 running
1767359717: Saving in-memory database to /mosquitto/data//mosquitto.db.
1767361518: Saving in-memory database to /mosquitto/data//mosquitto.db.
1767363318: Saving in-memory database to /mosquitto/data//mosquitto.db.
1767367439: Saving in-memory database to /mosquitto/data//mosquitto.db.
1767369239: Saving in-memory database to /mosquitto/data//mosquitto.db.
1767371040: Saving in-memory database to /mosquitto/data//mosquitto.db.
1767372841: Saving in-memory database to /mosquitto/data//mosquitto.db.
1767374642: Saving in-memory database to /mosquitto/data//mosquitto.db.
1767449689: mosquitto version 2.0.22 starting
1767449689: Config loaded from /mosquitto/config/mosquitto.conf.
1767449689: Opening ipv4 listen socket on port 1883.
1767449689: Opening ipv6 listen socket on port 1883.
1767449689: Opening websockets listen socket on port 9001.
1767449689: mosquitto version 2.0.22 running
1767451490: Saving in-memory database to /mosquitto/data//mosquitto.db.
1767453291: Saving in-memory database to /mosquitto/data//mosquitto.db.
1767455091: Saving in-memory database to /mosquitto/data//mosquitto.db.
1767456892: Saving in-memory database to /mosquitto/data//mosquitto.db.
1767458693: Saving in-memory database to /mosquitto/data//mosquitto.db.
1767460494: Saving in-memory database to /mosquitto/data//mosquitto.db.
1767533045: mosquitto version 2.0.22 starting
1767533045: Config loaded from /mosquitto/config/mosquitto.conf.
1767533045: Opening ipv4 listen socket on port 1883.
1767533045: Opening ipv6 listen socket on port 1883.
1767533045: Opening websockets listen socket on port 9001.
1767533045: mosquitto version 2.0.22 running
1767534845: Saving in-memory database to /mosquitto/data//mosquitto.db.
1767536646: Saving in-memory database to /mosquitto/data//mosquitto.db.
1767538447: Saving in-memory database to /mosquitto/data//mosquitto.db.
1767540248: Saving in-memory database to /mosquitto/data//mosquitto.db.
1767542049: Saving in-memory database to /mosquitto/data//mosquitto.db.
1767543850: Saving in-memory database to /mosquitto/data//mosquitto.db.
1767577760: mosquitto version 2.0.22 starting
1767577760: Config loaded from /mosquitto/config/mosquitto.conf.
1767577760: Opening ipv4 listen socket on port 1883.
1767577760: Opening ipv6 listen socket on port 1883.
1767577760: Opening websockets listen socket on port 9001.
1767577760: mosquitto version 2.0.22 running
